Archive member included to satisfy reference by file (symbol)

C:\Users\jadams\DOCUME~1\Arduino\projects\ENVIRO~1\src\ENVIRO~1\ARDUIN~1\Debug\libArduinoCore.a(main.o)
                              C:/Program Files (x86)/Atmel/Studio/7.0/Packs/atmel/ATmega_DFP/1.0.98/gcc/dev/atmega2560/avr6/crtatmega2560.o (main)
C:\Users\jadams\DOCUME~1\Arduino\projects\ENVIRO~1\src\ENVIRO~1\ARDUIN~1\Debug\libArduinoCore.a(wiring.o)
                              C:\Users\jadams\DOCUME~1\Arduino\projects\ENVIRO~1\src\ENVIRO~1\ARDUIN~1\Debug\libArduinoCore.a(main.o) (init)
C:\Users\jadams\DOCUME~1\Arduino\projects\ENVIRO~1\src\ENVIRO~1\ARDUIN~1\Debug\libArduinoCore.a(wiring_digital.o)
                              src/libraries/SPI/SPI.o (pinMode)
C:\Users\jadams\DOCUME~1\Arduino\projects\ENVIRO~1\src\ENVIRO~1\ARDUIN~1\Debug\libArduinoCore.a(hooks.o)
                              C:\Users\jadams\DOCUME~1\Arduino\projects\ENVIRO~1\src\ENVIRO~1\ARDUIN~1\Debug\libArduinoCore.a(wiring.o) (yield)
c:/program files (x86)/atmel/studio/7.0/toolchain/avr8/avr8-gnu-toolchain/bin/../lib/gcc/avr/4.9.2/avr6\libgcc.a(_exit.o)
                              C:/Program Files (x86)/Atmel/Studio/7.0/Packs/atmel/ATmega_DFP/1.0.98/gcc/dev/atmega2560/avr6/crtatmega2560.o (exit)
c:/program files (x86)/atmel/studio/7.0/toolchain/avr8/avr8-gnu-toolchain/bin/../lib/gcc/avr/4.9.2/avr6\libgcc.a(_tablejump2.o)
                              src/libraries/SPI/SPI.o (__tablejump2__)
c:/program files (x86)/atmel/studio/7.0/toolchain/avr8/avr8-gnu-toolchain/bin/../lib/gcc/avr/4.9.2/avr6\libgcc.a(_copy_data.o)
                              src/libraries/SPI/SPI.o (__do_copy_data)
c:/program files (x86)/atmel/studio/7.0/toolchain/avr8/avr8-gnu-toolchain/bin/../lib/gcc/avr/4.9.2/avr6\libgcc.a(_clear_bss.o)
                              src/libraries/SPI/SPI.o (__do_clear_bss)

Discarded input sections

 .data          0x00000000        0x0 C:/Program Files (x86)/Atmel/Studio/7.0/Packs/atmel/ATmega_DFP/1.0.98/gcc/dev/atmega2560/avr6/crtatmega2560.o
 .bss           0x00000000        0x0 C:/Program Files (x86)/Atmel/Studio/7.0/Packs/atmel/ATmega_DFP/1.0.98/gcc/dev/atmega2560/avr6/crtatmega2560.o
 .text          0x00000000        0x0 Main.o
 .data          0x00000000        0x0 Main.o
 .bss           0x00000000        0x0 Main.o
 .text          0x00000000        0x0 src/libraries/SPI/SPI.o
 .data          0x00000000        0x0 src/libraries/SPI/SPI.o
 .bss           0x00000000        0x0 src/libraries/SPI/SPI.o
 .text._ZN8SPIClass5beginEv
                0x00000000       0x6c src/libraries/SPI/SPI.o
 .text._ZN8SPIClass3endEv
                0x00000000       0x28 src/libraries/SPI/SPI.o
 .text._ZN8SPIClass14usingInterruptEh
                0x00000000       0x5e src/libraries/SPI/SPI.o
 .progmem.gcc_sw_table._ZN8SPIClass14usingInterruptEh
                0x00000000       0x10 src/libraries/SPI/SPI.o
 .text._ZN8SPIClass17notUsingInterruptEh
                0x00000000       0x36 src/libraries/SPI/SPI.o
 .rodata.CSWTCH.20
                0x00000000        0x8 src/libraries/SPI/SPI.o
 .bss._ZN8SPIClass13interruptSaveE
                0x00000000        0x1 src/libraries/SPI/SPI.o
 .bss._ZN8SPIClass13interruptMaskE
                0x00000000        0x1 src/libraries/SPI/SPI.o
 .bss._ZN8SPIClass13interruptModeE
                0x00000000        0x1 src/libraries/SPI/SPI.o
 .bss._ZN8SPIClass11initializedE
                0x00000000        0x1 src/libraries/SPI/SPI.o
 .bss.SPI       0x00000000        0x1 src/libraries/SPI/SPI.o
 .debug_info    0x00000000      0x6cb src/libraries/SPI/SPI.o
 .debug_abbrev  0x00000000      0x26d src/libraries/SPI/SPI.o
 .debug_loc     0x00000000      0x1f0 src/libraries/SPI/SPI.o
 .debug_aranges
                0x00000000       0x38 src/libraries/SPI/SPI.o
 .debug_ranges  0x00000000       0x28 src/libraries/SPI/SPI.o
 .debug_line    0x00000000      0x2ff src/libraries/SPI/SPI.o
 .debug_str     0x00000000      0x635 src/libraries/SPI/SPI.o
 .comment       0x00000000       0x31 src/libraries/SPI/SPI.o
 .debug_frame   0x00000000       0x5c src/libraries/SPI/SPI.o
 .text          0x00000000        0x0 C:\Users\jadams\DOCUME~1\Arduino\projects\ENVIRO~1\src\ENVIRO~1\ARDUIN~1\Debug\libArduinoCore.a(main.o)
 .data          0x00000000        0x0 C:\Users\jadams\DOCUME~1\Arduino\projects\ENVIRO~1\src\ENVIRO~1\ARDUIN~1\Debug\libArduinoCore.a(main.o)
 .bss           0x00000000        0x0 C:\Users\jadams\DOCUME~1\Arduino\projects\ENVIRO~1\src\ENVIRO~1\ARDUIN~1\Debug\libArduinoCore.a(main.o)
 .text.atexit   0x00000000        0x6 C:\Users\jadams\DOCUME~1\Arduino\projects\ENVIRO~1\src\ENVIRO~1\ARDUIN~1\Debug\libArduinoCore.a(main.o)
 .text._Z8setupUSBv
                0x00000000        0x2 C:\Users\jadams\DOCUME~1\Arduino\projects\ENVIRO~1\src\ENVIRO~1\ARDUIN~1\Debug\libArduinoCore.a(main.o)
 .text          0x00000000        0x0 C:\Users\jadams\DOCUME~1\Arduino\projects\ENVIRO~1\src\ENVIRO~1\ARDUIN~1\Debug\libArduinoCore.a(wiring.o)
 .data          0x00000000        0x0 C:\Users\jadams\DOCUME~1\Arduino\projects\ENVIRO~1\src\ENVIRO~1\ARDUIN~1\Debug\libArduinoCore.a(wiring.o)
 .bss           0x00000000        0x0 C:\Users\jadams\DOCUME~1\Arduino\projects\ENVIRO~1\src\ENVIRO~1\ARDUIN~1\Debug\libArduinoCore.a(wiring.o)
 .text.millis   0x00000000       0x18 C:\Users\jadams\DOCUME~1\Arduino\projects\ENVIRO~1\src\ENVIRO~1\ARDUIN~1\Debug\libArduinoCore.a(wiring.o)
 .text.micros   0x00000000       0x4a C:\Users\jadams\DOCUME~1\Arduino\projects\ENVIRO~1\src\ENVIRO~1\ARDUIN~1\Debug\libArduinoCore.a(wiring.o)
 .text.delay    0x00000000       0x50 C:\Users\jadams\DOCUME~1\Arduino\projects\ENVIRO~1\src\ENVIRO~1\ARDUIN~1\Debug\libArduinoCore.a(wiring.o)
 .text.delayMicroseconds
                0x00000000       0x16 C:\Users\jadams\DOCUME~1\Arduino\projects\ENVIRO~1\src\ENVIRO~1\ARDUIN~1\Debug\libArduinoCore.a(wiring.o)
 .text          0x00000000        0x0 C:\Users\jadams\DOCUME~1\Arduino\projects\ENVIRO~1\src\ENVIRO~1\ARDUIN~1\Debug\libArduinoCore.a(wiring_digital.o)
 .data          0x00000000        0x0 C:\Users\jadams\DOCUME~1\Arduino\projects\ENVIRO~1\src\ENVIRO~1\ARDUIN~1\Debug\libArduinoCore.a(wiring_digital.o)
 .bss           0x00000000        0x0 C:\Users\jadams\DOCUME~1\Arduino\projects\ENVIRO~1\src\ENVIRO~1\ARDUIN~1\Debug\libArduinoCore.a(wiring_digital.o)
 .text.turnOffPWM
                0x00000000       0xac C:\Users\jadams\DOCUME~1\Arduino\projects\ENVIRO~1\src\ENVIRO~1\ARDUIN~1\Debug\libArduinoCore.a(wiring_digital.o)
 .progmem.gcc_sw_table.turnOffPWM
                0x00000000       0x24 C:\Users\jadams\DOCUME~1\Arduino\projects\ENVIRO~1\src\ENVIRO~1\ARDUIN~1\Debug\libArduinoCore.a(wiring_digital.o)
 .text.pinMode  0x00000000       0x78 C:\Users\jadams\DOCUME~1\Arduino\projects\ENVIRO~1\src\ENVIRO~1\ARDUIN~1\Debug\libArduinoCore.a(wiring_digital.o)
 .text.digitalWrite
                0x00000000       0x60 C:\Users\jadams\DOCUME~1\Arduino\projects\ENVIRO~1\src\ENVIRO~1\ARDUIN~1\Debug\libArduinoCore.a(wiring_digital.o)
 .text.digitalRead
                0x00000000       0x52 C:\Users\jadams\DOCUME~1\Arduino\projects\ENVIRO~1\src\ENVIRO~1\ARDUIN~1\Debug\libArduinoCore.a(wiring_digital.o)
 .progmem.data.digital_pin_to_timer_PGM
                0x00000000       0x46 C:\Users\jadams\DOCUME~1\Arduino\projects\ENVIRO~1\src\ENVIRO~1\ARDUIN~1\Debug\libArduinoCore.a(wiring_digital.o)
 .progmem.data.digital_pin_to_bit_mask_PGM
                0x00000000       0x46 C:\Users\jadams\DOCUME~1\Arduino\projects\ENVIRO~1\src\ENVIRO~1\ARDUIN~1\Debug\libArduinoCore.a(wiring_digital.o)
 .progmem.data.digital_pin_to_port_PGM
                0x00000000       0x46 C:\Users\jadams\DOCUME~1\Arduino\projects\ENVIRO~1\src\ENVIRO~1\ARDUIN~1\Debug\libArduinoCore.a(wiring_digital.o)
 .progmem.data.port_to_input_PGM
                0x00000000       0x1a C:\Users\jadams\DOCUME~1\Arduino\projects\ENVIRO~1\src\ENVIRO~1\ARDUIN~1\Debug\libArduinoCore.a(wiring_digital.o)
 .progmem.data.port_to_output_PGM
                0x00000000       0x1a C:\Users\jadams\DOCUME~1\Arduino\projects\ENVIRO~1\src\ENVIRO~1\ARDUIN~1\Debug\libArduinoCore.a(wiring_digital.o)
 .progmem.data.port_to_mode_PGM
                0x00000000       0x1a C:\Users\jadams\DOCUME~1\Arduino\projects\ENVIRO~1\src\ENVIRO~1\ARDUIN~1\Debug\libArduinoCore.a(wiring_digital.o)
 .debug_info    0x00000000      0x635 C:\Users\jadams\DOCUME~1\Arduino\projects\ENVIRO~1\src\ENVIRO~1\ARDUIN~1\Debug\libArduinoCore.a(wiring_digital.o)
 .debug_abbrev  0x00000000      0x15a C:\Users\jadams\DOCUME~1\Arduino\projects\ENVIRO~1\src\ENVIRO~1\ARDUIN~1\Debug\libArduinoCore.a(wiring_digital.o)
 .debug_loc     0x00000000      0x552 C:\Users\jadams\DOCUME~1\Arduino\projects\ENVIRO~1\src\ENVIRO~1\ARDUIN~1\Debug\libArduinoCore.a(wiring_digital.o)
 .debug_aranges
                0x00000000       0x38 C:\Users\jadams\DOCUME~1\Arduino\projects\ENVIRO~1\src\ENVIRO~1\ARDUIN~1\Debug\libArduinoCore.a(wiring_digital.o)
 .debug_ranges  0x00000000       0x28 C:\Users\jadams\DOCUME~1\Arduino\projects\ENVIRO~1\src\ENVIRO~1\ARDUIN~1\Debug\libArduinoCore.a(wiring_digital.o)
 .debug_line    0x00000000      0x284 C:\Users\jadams\DOCUME~1\Arduino\projects\ENVIRO~1\src\ENVIRO~1\ARDUIN~1\Debug\libArduinoCore.a(wiring_digital.o)
 .debug_str     0x00000000      0x2ba C:\Users\jadams\DOCUME~1\Arduino\projects\ENVIRO~1\src\ENVIRO~1\ARDUIN~1\Debug\libArduinoCore.a(wiring_digital.o)
 .comment       0x00000000       0x31 C:\Users\jadams\DOCUME~1\Arduino\projects\ENVIRO~1\src\ENVIRO~1\ARDUIN~1\Debug\libArduinoCore.a(wiring_digital.o)
 .debug_frame   0x00000000       0x7c C:\Users\jadams\DOCUME~1\Arduino\projects\ENVIRO~1\src\ENVIRO~1\ARDUIN~1\Debug\libArduinoCore.a(wiring_digital.o)
 .text          0x00000000        0x0 C:\Users\jadams\DOCUME~1\Arduino\projects\ENVIRO~1\src\ENVIRO~1\ARDUIN~1\Debug\libArduinoCore.a(hooks.o)
 .data          0x00000000        0x0 C:\Users\jadams\DOCUME~1\Arduino\projects\ENVIRO~1\src\ENVIRO~1\ARDUIN~1\Debug\libArduinoCore.a(hooks.o)
 .bss           0x00000000        0x0 C:\Users\jadams\DOCUME~1\Arduino\projects\ENVIRO~1\src\ENVIRO~1\ARDUIN~1\Debug\libArduinoCore.a(hooks.o)
 .text.__empty  0x00000000        0x2 C:\Users\jadams\DOCUME~1\Arduino\projects\ENVIRO~1\src\ENVIRO~1\ARDUIN~1\Debug\libArduinoCore.a(hooks.o)
 .debug_info    0x00000000       0x3e C:\Users\jadams\DOCUME~1\Arduino\projects\ENVIRO~1\src\ENVIRO~1\ARDUIN~1\Debug\libArduinoCore.a(hooks.o)
 .debug_abbrev  0x00000000       0x2a C:\Users\jadams\DOCUME~1\Arduino\projects\ENVIRO~1\src\ENVIRO~1\ARDUIN~1\Debug\libArduinoCore.a(hooks.o)
 .debug_aranges
                0x00000000       0x20 C:\Users\jadams\DOCUME~1\Arduino\projects\ENVIRO~1\src\ENVIRO~1\ARDUIN~1\Debug\libArduinoCore.a(hooks.o)
 .debug_ranges  0x00000000       0x10 C:\Users\jadams\DOCUME~1\Arduino\projects\ENVIRO~1\src\ENVIRO~1\ARDUIN~1\Debug\libArduinoCore.a(hooks.o)
 .debug_line    0x00000000       0x41 C:\Users\jadams\DOCUME~1\Arduino\projects\ENVIRO~1\src\ENVIRO~1\ARDUIN~1\Debug\libArduinoCore.a(hooks.o)
 .debug_str     0x00000000      0x14a C:\Users\jadams\DOCUME~1\Arduino\projects\ENVIRO~1\src\ENVIRO~1\ARDUIN~1\Debug\libArduinoCore.a(hooks.o)
 .comment       0x00000000       0x31 C:\Users\jadams\DOCUME~1\Arduino\projects\ENVIRO~1\src\ENVIRO~1\ARDUIN~1\Debug\libArduinoCore.a(hooks.o)
 .debug_frame   0x00000000       0x24 C:\Users\jadams\DOCUME~1\Arduino\projects\ENVIRO~1\src\ENVIRO~1\ARDUIN~1\Debug\libArduinoCore.a(hooks.o)
 .text          0x00000000        0x0 c:/program files (x86)/atmel/studio/7.0/toolchain/avr8/avr8-gnu-toolchain/bin/../lib/gcc/avr/4.9.2/avr6\libgcc.a(_exit.o)
 .data          0x00000000        0x0 c:/program files (x86)/atmel/studio/7.0/toolchain/avr8/avr8-gnu-toolchain/bin/../lib/gcc/avr/4.9.2/avr6\libgcc.a(_exit.o)
 .bss           0x00000000        0x0 c:/program files (x86)/atmel/studio/7.0/toolchain/avr8/avr8-gnu-toolchain/bin/../lib/gcc/avr/4.9.2/avr6\libgcc.a(_exit.o)
 .text.libgcc.mul
                0x00000000        0x0 c:/program files (x86)/atmel/studio/7.0/toolchain/avr8/avr8-gnu-toolchain/bin/../lib/gcc/avr/4.9.2/avr6\libgcc.a(_exit.o)
 .text.libgcc.div
                0x00000000        0x0 c:/program files (x86)/atmel/studio/7.0/toolchain/avr8/avr8-gnu-toolchain/bin/../lib/gcc/avr/4.9.2/avr6\libgcc.a(_exit.o)
 .text.libgcc   0x00000000        0x0 c:/program files (x86)/atmel/studio/7.0/toolchain/avr8/avr8-gnu-toolchain/bin/../lib/gcc/avr/4.9.2/avr6\libgcc.a(_exit.o)
 .text.libgcc.prologue
                0x00000000        0x0 c:/program files (x86)/atmel/studio/7.0/toolchain/avr8/avr8-gnu-toolchain/bin/../lib/gcc/avr/4.9.2/avr6\libgcc.a(_exit.o)
 .text.libgcc.builtins
                0x00000000        0x0 c:/program files (x86)/atmel/studio/7.0/toolchain/avr8/avr8-gnu-toolchain/bin/../lib/gcc/avr/4.9.2/avr6\libgcc.a(_exit.o)
 .text.libgcc.fmul
                0x00000000        0x0 c:/program files (x86)/atmel/studio/7.0/toolchain/avr8/avr8-gnu-toolchain/bin/../lib/gcc/avr/4.9.2/avr6\libgcc.a(_exit.o)
 .text.libgcc.fixed
                0x00000000        0x0 c:/program files (x86)/atmel/studio/7.0/toolchain/avr8/avr8-gnu-toolchain/bin/../lib/gcc/avr/4.9.2/avr6\libgcc.a(_exit.o)
 .text          0x00000000        0x0 c:/program files (x86)/atmel/studio/7.0/toolchain/avr8/avr8-gnu-toolchain/bin/../lib/gcc/avr/4.9.2/avr6\libgcc.a(_tablejump2.o)
 .data          0x00000000        0x0 c:/program files (x86)/atmel/studio/7.0/toolchain/avr8/avr8-gnu-toolchain/bin/../lib/gcc/avr/4.9.2/avr6\libgcc.a(_tablejump2.o)
 .bss           0x00000000        0x0 c:/program files (x86)/atmel/studio/7.0/toolchain/avr8/avr8-gnu-toolchain/bin/../lib/gcc/avr/4.9.2/avr6\libgcc.a(_tablejump2.o)
 .text.libgcc.mul
                0x00000000        0x0 c:/program files (x86)/atmel/studio/7.0/toolchain/avr8/avr8-gnu-toolchain/bin/../lib/gcc/avr/4.9.2/avr6\libgcc.a(_tablejump2.o)
 .text.libgcc.div
                0x00000000        0x0 c:/program files (x86)/atmel/studio/7.0/toolchain/avr8/avr8-gnu-toolchain/bin/../lib/gcc/avr/4.9.2/avr6\libgcc.a(_tablejump2.o)
 .text.libgcc   0x00000000       0x10 c:/program files (x86)/atmel/studio/7.0/toolchain/avr8/avr8-gnu-toolchain/bin/../lib/gcc/avr/4.9.2/avr6\libgcc.a(_tablejump2.o)
 .text.libgcc.prologue
                0x00000000        0x0 c:/program files (x86)/atmel/studio/7.0/toolchain/avr8/avr8-gnu-toolchain/bin/../lib/gcc/avr/4.9.2/avr6\libgcc.a(_tablejump2.o)
 .text.libgcc.builtins
                0x00000000        0x0 c:/program files (x86)/atmel/studio/7.0/toolchain/avr8/avr8-gnu-toolchain/bin/../lib/gcc/avr/4.9.2/avr6\libgcc.a(_tablejump2.o)
 .text.libgcc.fmul
                0x00000000        0x0 c:/program files (x86)/atmel/studio/7.0/toolchain/avr8/avr8-gnu-toolchain/bin/../lib/gcc/avr/4.9.2/avr6\libgcc.a(_tablejump2.o)
 .text.libgcc.fixed
                0x00000000        0x0 c:/program files (x86)/atmel/studio/7.0/toolchain/avr8/avr8-gnu-toolchain/bin/../lib/gcc/avr/4.9.2/avr6\libgcc.a(_tablejump2.o)
 .text          0x00000000        0x0 c:/program files (x86)/atmel/studio/7.0/toolchain/avr8/avr8-gnu-toolchain/bin/../lib/gcc/avr/4.9.2/avr6\libgcc.a(_copy_data.o)
 .data          0x00000000        0x0 c:/program files (x86)/atmel/studio/7.0/toolchain/avr8/avr8-gnu-toolchain/bin/../lib/gcc/avr/4.9.2/avr6\libgcc.a(_copy_data.o)
 .bss           0x00000000        0x0 c:/program files (x86)/atmel/studio/7.0/toolchain/avr8/avr8-gnu-toolchain/bin/../lib/gcc/avr/4.9.2/avr6\libgcc.a(_copy_data.o)
 .text.libgcc.mul
                0x00000000        0x0 c:/program files (x86)/atmel/studio/7.0/toolchain/avr8/avr8-gnu-toolchain/bin/../lib/gcc/avr/4.9.2/avr6\libgcc.a(_copy_data.o)
 .text.libgcc.div
                0x00000000        0x0 c:/program files (x86)/atmel/studio/7.0/toolchain/avr8/avr8-gnu-toolchain/bin/../lib/gcc/avr/4.9.2/avr6\libgcc.a(_copy_data.o)
 .text.libgcc   0x00000000        0x0 c:/program files (x86)/atmel/studio/7.0/toolchain/avr8/avr8-gnu-toolchain/bin/../lib/gcc/avr/4.9.2/avr6\libgcc.a(_copy_data.o)
 .text.libgcc.prologue
                0x00000000        0x0 c:/program files (x86)/atmel/studio/7.0/toolchain/avr8/avr8-gnu-toolchain/bin/../lib/gcc/avr/4.9.2/avr6\libgcc.a(_copy_data.o)
 .text.libgcc.builtins
                0x00000000        0x0 c:/program files (x86)/atmel/studio/7.0/toolchain/avr8/avr8-gnu-toolchain/bin/../lib/gcc/avr/4.9.2/avr6\libgcc.a(_copy_data.o)
 .text.libgcc.fmul
                0x00000000        0x0 c:/program files (x86)/atmel/studio/7.0/toolchain/avr8/avr8-gnu-toolchain/bin/../lib/gcc/avr/4.9.2/avr6\libgcc.a(_copy_data.o)
 .text.libgcc.fixed
                0x00000000        0x0 c:/program files (x86)/atmel/studio/7.0/toolchain/avr8/avr8-gnu-toolchain/bin/../lib/gcc/avr/4.9.2/avr6\libgcc.a(_copy_data.o)
 .text          0x00000000        0x0 c:/program files (x86)/atmel/studio/7.0/toolchain/avr8/avr8-gnu-toolchain/bin/../lib/gcc/avr/4.9.2/avr6\libgcc.a(_clear_bss.o)
 .data          0x00000000        0x0 c:/program files (x86)/atmel/studio/7.0/toolchain/avr8/avr8-gnu-toolchain/bin/../lib/gcc/avr/4.9.2/avr6\libgcc.a(_clear_bss.o)
 .bss           0x00000000        0x0 c:/program files (x86)/atmel/studio/7.0/toolchain/avr8/avr8-gnu-toolchain/bin/../lib/gcc/avr/4.9.2/avr6\libgcc.a(_clear_bss.o)
 .text.libgcc.mul
                0x00000000        0x0 c:/program files (x86)/atmel/studio/7.0/toolchain/avr8/avr8-gnu-toolchain/bin/../lib/gcc/avr/4.9.2/avr6\libgcc.a(_clear_bss.o)
 .text.libgcc.div
                0x00000000        0x0 c:/program files (x86)/atmel/studio/7.0/toolchain/avr8/avr8-gnu-toolchain/bin/../lib/gcc/avr/4.9.2/avr6\libgcc.a(_clear_bss.o)
 .text.libgcc   0x00000000        0x0 c:/program files (x86)/atmel/studio/7.0/toolchain/avr8/avr8-gnu-toolchain/bin/../lib/gcc/avr/4.9.2/avr6\libgcc.a(_clear_bss.o)
 .text.libgcc.prologue
                0x00000000        0x0 c:/program files (x86)/atmel/studio/7.0/toolchain/avr8/avr8-gnu-toolchain/bin/../lib/gcc/avr/4.9.2/avr6\libgcc.a(_clear_bss.o)
 .text.libgcc.builtins
                0x00000000        0x0 c:/program files (x86)/atmel/studio/7.0/toolchain/avr8/avr8-gnu-toolchain/bin/../lib/gcc/avr/4.9.2/avr6\libgcc.a(_clear_bss.o)
 .text.libgcc.fmul
                0x00000000        0x0 c:/program files (x86)/atmel/studio/7.0/toolchain/avr8/avr8-gnu-toolchain/bin/../lib/gcc/avr/4.9.2/avr6\libgcc.a(_clear_bss.o)
 .text.libgcc.fixed
                0x00000000        0x0 c:/program files (x86)/atmel/studio/7.0/toolchain/avr8/avr8-gnu-toolchain/bin/../lib/gcc/avr/4.9.2/avr6\libgcc.a(_clear_bss.o)

Memory Configuration

Name             Origin             Length             Attributes
text             0x00000000         0x00100000         xr
data             0x00800200         0x0000fe00         rw !x
eeprom           0x00810000         0x00010000         rw !x
fuse             0x00820000         0x00000400         rw !x
lock             0x00830000         0x00000400         rw !x
signature        0x00840000         0x00000400         rw !x
user_signatures  0x00850000         0x00000400         rw !x
*default*        0x00000000         0xffffffff

Linker script and memory map

Address of section .data set to 0x800200
LOAD C:/Program Files (x86)/Atmel/Studio/7.0/Packs/atmel/ATmega_DFP/1.0.98/gcc/dev/atmega2560/avr6/crtatmega2560.o
LOAD Main.o
LOAD src/libraries/SPI/SPI.o
START GROUP
LOAD c:/program files (x86)/atmel/studio/7.0/toolchain/avr8/avr8-gnu-toolchain/bin/../lib/gcc/avr/4.9.2/../../../../avr/lib/avr6\libm.a
LOAD C:\Users\jadams\DOCUME~1\Arduino\projects\ENVIRO~1\src\ENVIRO~1\ARDUIN~1\Debug\libArduinoCore.a
END GROUP
LOAD c:/program files (x86)/atmel/studio/7.0/toolchain/avr8/avr8-gnu-toolchain/bin/../lib/gcc/avr/4.9.2/avr6\libgcc.a
LOAD c:/program files (x86)/atmel/studio/7.0/toolchain/avr8/avr8-gnu-toolchain/bin/../lib/gcc/avr/4.9.2/../../../../avr/lib/avr6\libm.a
START GROUP
LOAD c:/program files (x86)/atmel/studio/7.0/toolchain/avr8/avr8-gnu-toolchain/bin/../lib/gcc/avr/4.9.2/avr6\libgcc.a
LOAD c:/program files (x86)/atmel/studio/7.0/toolchain/avr8/avr8-gnu-toolchain/bin/../lib/gcc/avr/4.9.2/../../../../avr/lib/avr6\libm.a
LOAD c:/program files (x86)/atmel/studio/7.0/toolchain/avr8/avr8-gnu-toolchain/bin/../lib/gcc/avr/4.9.2/../../../../avr/lib/avr6\libc.a
LOAD C:/Program Files (x86)/Atmel/Studio/7.0/Packs/atmel/ATmega_DFP/1.0.98/gcc/dev/atmega2560/avr6\libatmega2560.a
END GROUP

.hash
 *(.hash)

.dynsym
 *(.dynsym)

.dynstr
 *(.dynstr)

.gnu.version
 *(.gnu.version)

.gnu.version_d
 *(.gnu.version_d)

.gnu.version_r
 *(.gnu.version_r)

.rel.init
 *(.rel.init)

.rela.init
 *(.rela.init)

.rel.text
 *(.rel.text)
 *(.rel.text.*)
 *(.rel.gnu.linkonce.t*)

.rela.text
 *(.rela.text)
 *(.rela.text.*)
 *(.rela.gnu.linkonce.t*)

.rel.fini
 *(.rel.fini)

.rela.fini
 *(.rela.fini)

.rel.rodata
 *(.rel.rodata)
 *(.rel.rodata.*)
 *(.rel.gnu.linkonce.r*)

.rela.rodata
 *(.rela.rodata)
 *(.rela.rodata.*)
 *(.rela.gnu.linkonce.r*)

.rel.data
 *(.rel.data)
 *(.rel.data.*)
 *(.rel.gnu.linkonce.d*)

.rela.data
 *(.rela.data)
 *(.rela.data.*)
 *(.rela.gnu.linkonce.d*)

.rel.ctors
 *(.rel.ctors)

.rela.ctors
 *(.rela.ctors)

.rel.dtors
 *(.rel.dtors)

.rela.dtors
 *(.rela.dtors)

.rel.got
 *(.rel.got)

.rela.got
 *(.rela.got)

.rel.bss
 *(.rel.bss)

.rela.bss
 *(.rela.bss)

.rel.plt
 *(.rel.plt)

.rela.plt
 *(.rela.plt)

.text           0x00000000      0x29c
 *(.vectors)
 .vectors       0x00000000       0xe4 C:/Program Files (x86)/Atmel/Studio/7.0/Packs/atmel/ATmega_DFP/1.0.98/gcc/dev/atmega2560/avr6/crtatmega2560.o
                0x00000000                __vector_default
                0x00000000                __vectors
 *(.vectors)
 *(.progmem.gcc*)
                0x000000e4                . = ALIGN (0x2)
                0x000000e4                __trampolines_start = .
 *(.trampolines)
 .trampolines   0x000000e4        0x0 linker stubs
 *(.trampolines*)
                0x000000e4                __trampolines_end = .
 *(.progmem*)
                0x000000e4                . = ALIGN (0x2)
 *(.jumptables)
 *(.jumptables*)
 *(.lowtext)
 *(.lowtext*)
                0x000000e4                __ctors_start = .
 *(.ctors)
                0x000000e4                __ctors_end = .
                0x000000e4                __dtors_start = .
 *(.dtors)
                0x000000e4                __dtors_end = .
 SORT(*)(.ctors)
 SORT(*)(.dtors)
 *(.init0)
 .init0         0x000000e4        0x0 C:/Program Files (x86)/Atmel/Studio/7.0/Packs/atmel/ATmega_DFP/1.0.98/gcc/dev/atmega2560/avr6/crtatmega2560.o
                0x000000e4                __init
 *(.init0)
 *(.init1)
 *(.init1)
 *(.init2)
 .init2         0x000000e4       0x10 C:/Program Files (x86)/Atmel/Studio/7.0/Packs/atmel/ATmega_DFP/1.0.98/gcc/dev/atmega2560/avr6/crtatmega2560.o
 *(.init2)
 *(.init3)
 *(.init3)
 *(.init4)
 .init4         0x000000f4       0x1a c:/program files (x86)/atmel/studio/7.0/toolchain/avr8/avr8-gnu-toolchain/bin/../lib/gcc/avr/4.9.2/avr6\libgcc.a(_copy_data.o)
                0x000000f4                __do_copy_data
 .init4         0x0000010e       0x10 c:/program files (x86)/atmel/studio/7.0/toolchain/avr8/avr8-gnu-toolchain/bin/../lib/gcc/avr/4.9.2/avr6\libgcc.a(_clear_bss.o)
                0x0000010e                __do_clear_bss
 *(.init4)
 *(.init5)
 *(.init5)
 *(.init6)
 *(.init6)
 *(.init7)
 *(.init7)
 *(.init8)
 *(.init8)
 *(.init9)
 .init9         0x0000011e        0x4 C:/Program Files (x86)/Atmel/Studio/7.0/Packs/atmel/ATmega_DFP/1.0.98/gcc/dev/atmega2560/avr6/crtatmega2560.o
 *(.init9)
 *(.text)
 .text          0x00000122        0x2 C:/Program Files (x86)/Atmel/Studio/7.0/Packs/atmel/ATmega_DFP/1.0.98/gcc/dev/atmega2560/avr6/crtatmega2560.o
                0x00000122                __vector_38
                0x00000122                __vector_22
                0x00000122                __vector_28
                0x00000122                __vector_1
                0x00000122                __vector_32
                0x00000122                __vector_34
                0x00000122                __vector_24
                0x00000122                __vector_12
                0x00000122                __vector_55
                0x00000122                __vector_46
                0x00000122                __bad_interrupt
                0x00000122                __vector_6
                0x00000122                __vector_31
                0x00000122                __vector_35
                0x00000122                __vector_39
                0x00000122                __vector_3
                0x00000122                __vector_30
                0x00000122                __vector_45
                0x00000122                __vector_25
                0x00000122                __vector_11
                0x00000122                __vector_54
                0x00000122                __vector_13
                0x00000122                __vector_17
                0x00000122                __vector_19
                0x00000122                __vector_56
                0x00000122                __vector_7
                0x00000122                __vector_49
                0x00000122                __vector_41
                0x00000122                __vector_43
                0x00000122                __vector_27
                0x00000122                __vector_5
                0x00000122                __vector_33
                0x00000122                __vector_47
                0x00000122                __vector_52
                0x00000122                __vector_37
                0x00000122                __vector_4
                0x00000122                __vector_44
                0x00000122                __vector_51
                0x00000122                __vector_9
                0x00000122                __vector_2
                0x00000122                __vector_21
                0x00000122                __vector_15
                0x00000122                __vector_36
                0x00000122                __vector_29
                0x00000122                __vector_40
                0x00000122                __vector_8
                0x00000122                __vector_26
                0x00000122                __vector_48
                0x00000122                __vector_14
                0x00000122                __vector_53
                0x00000122                __vector_10
                0x00000122                __vector_50
                0x00000122                __vector_16
                0x00000122                __vector_18
                0x00000122                __vector_20
                0x00000122                __vector_42
                0x00000124                . = ALIGN (0x2)
 *(.text.*)
 .text.setup    0x00000124        0x2 Main.o
                0x00000124                setup
 .text.loop     0x00000126        0x2 Main.o
                0x00000126                loop
 .text.initVariant
                0x00000128        0x2 C:\Users\jadams\DOCUME~1\Arduino\projects\ENVIRO~1\src\ENVIRO~1\ARDUIN~1\Debug\libArduinoCore.a(main.o)
                0x00000128                initVariant
 .text.startup.main
                0x0000012a       0x16 C:\Users\jadams\DOCUME~1\Arduino\projects\ENVIRO~1\src\ENVIRO~1\ARDUIN~1\Debug\libArduinoCore.a(main.o)
                0x0000012a                main
 .text.__vector_23
                0x00000140       0x94 C:\Users\jadams\DOCUME~1\Arduino\projects\ENVIRO~1\src\ENVIRO~1\ARDUIN~1\Debug\libArduinoCore.a(wiring.o)
                0x00000140                __vector_23
 .text.init     0x000001d4       0xc4 C:\Users\jadams\DOCUME~1\Arduino\projects\ENVIRO~1\src\ENVIRO~1\ARDUIN~1\Debug\libArduinoCore.a(wiring.o)
                0x000001d4                init
                0x00000298                . = ALIGN (0x2)
 *(.fini9)
 .fini9         0x00000298        0x0 c:/program files (x86)/atmel/studio/7.0/toolchain/avr8/avr8-gnu-toolchain/bin/../lib/gcc/avr/4.9.2/avr6\libgcc.a(_exit.o)
                0x00000298                _exit
                0x00000298                exit
 *(.fini9)
 *(.fini8)
 *(.fini8)
 *(.fini7)
 *(.fini7)
 *(.fini6)
 *(.fini6)
 *(.fini5)
 *(.fini5)
 *(.fini4)
 *(.fini4)
 *(.fini3)
 *(.fini3)
 *(.fini2)
 *(.fini2)
 *(.fini1)
 *(.fini1)
 *(.fini0)
 .fini0         0x00000298        0x4 c:/program files (x86)/atmel/studio/7.0/toolchain/avr8/avr8-gnu-toolchain/bin/../lib/gcc/avr/4.9.2/avr6\libgcc.a(_exit.o)
 *(.fini0)
                0x0000029c                _etext = .

.data           0x00800200        0x0 load address 0x0000029c
                0x00800200                PROVIDE (__data_start, .)
 *(.data)
 *(.data*)
 *(.rodata)
 *(.rodata*)
 *(.gnu.linkonce.d*)
                0x00800200                . = ALIGN (0x2)
                0x00800200                _edata = .
                0x00800200                PROVIDE (__data_end, .)

.bss            0x00800200        0x9
                0x00800200                PROVIDE (__bss_start, .)
 *(.bss)
 *(.bss*)
 .bss.timer0_fract
                0x00800200        0x1 C:\Users\jadams\DOCUME~1\Arduino\projects\ENVIRO~1\src\ENVIRO~1\ARDUIN~1\Debug\libArduinoCore.a(wiring.o)
 .bss.timer0_millis
                0x00800201        0x4 C:\Users\jadams\DOCUME~1\Arduino\projects\ENVIRO~1\src\ENVIRO~1\ARDUIN~1\Debug\libArduinoCore.a(wiring.o)
                0x00800201                timer0_millis
 .bss.timer0_overflow_count
                0x00800205        0x4 C:\Users\jadams\DOCUME~1\Arduino\projects\ENVIRO~1\src\ENVIRO~1\ARDUIN~1\Debug\libArduinoCore.a(wiring.o)
                0x00800205                timer0_overflow_count
 *(COMMON)
                0x00800209                PROVIDE (__bss_end, .)
                0x0000029c                __data_load_start = LOADADDR (.data)
                0x0000029c                __data_load_end = (__data_load_start + SIZEOF (.data))

.noinit         0x00800209        0x0
                0x00800209                PROVIDE (__noinit_start, .)
 *(.noinit*)
                0x00800209                PROVIDE (__noinit_end, .)
                0x00800209                _end = .
                0x00800209                PROVIDE (__heap_start, .)

.eeprom         0x00810000        0x0
 *(.eeprom*)
                0x00810000                __eeprom_end = .

.fuse
 *(.fuse)
 *(.lfuse)
 *(.hfuse)
 *(.efuse)

.lock
 *(.lock*)

.signature
 *(.signature*)

.user_signatures
 *(.user_signatures*)

.stab
 *(.stab)

.stabstr
 *(.stabstr)

.stab.excl
 *(.stab.excl)

.stab.exclstr
 *(.stab.exclstr)

.stab.index
 *(.stab.index)

.stab.indexstr
 *(.stab.indexstr)

.comment        0x00000000       0x30
 *(.comment)
 .comment       0x00000000       0x30 Main.o
                                 0x31 (size before relaxing)
 .comment       0x00000030       0x31 C:\Users\jadams\DOCUME~1\Arduino\projects\ENVIRO~1\src\ENVIRO~1\ARDUIN~1\Debug\libArduinoCore.a(main.o)
 .comment       0x00000030       0x31 C:\Users\jadams\DOCUME~1\Arduino\projects\ENVIRO~1\src\ENVIRO~1\ARDUIN~1\Debug\libArduinoCore.a(wiring.o)

.note.gnu.avr.deviceinfo
                0x00000000       0x40
 .note.gnu.avr.deviceinfo
                0x00000000       0x40 C:/Program Files (x86)/Atmel/Studio/7.0/Packs/atmel/ATmega_DFP/1.0.98/gcc/dev/atmega2560/avr6/crtatmega2560.o

.note.gnu.build-id
 *(.note.gnu.build-id)

.debug
 *(.debug)

.line
 *(.line)

.debug_srcinfo
 *(.debug_srcinfo)

.debug_sfnames
 *(.debug_sfnames)

.debug_aranges  0x00000000       0xa8
 *(.debug_aranges)
 .debug_aranges
                0x00000000       0x28 Main.o
 .debug_aranges
                0x00000028       0x38 C:\Users\jadams\DOCUME~1\Arduino\projects\ENVIRO~1\src\ENVIRO~1\ARDUIN~1\Debug\libArduinoCore.a(main.o)
 .debug_aranges
                0x00000060       0x48 C:\Users\jadams\DOCUME~1\Arduino\projects\ENVIRO~1\src\ENVIRO~1\ARDUIN~1\Debug\libArduinoCore.a(wiring.o)

.debug_pubnames
 *(.debug_pubnames)

.debug_info     0x00000000      0x73b
 *(.debug_info .gnu.linkonce.wi.*)
 .debug_info    0x00000000      0x1bc Main.o
 .debug_info    0x000001bc      0x264 C:\Users\jadams\DOCUME~1\Arduino\projects\ENVIRO~1\src\ENVIRO~1\ARDUIN~1\Debug\libArduinoCore.a(main.o)
 .debug_info    0x00000420      0x31b C:\Users\jadams\DOCUME~1\Arduino\projects\ENVIRO~1\src\ENVIRO~1\ARDUIN~1\Debug\libArduinoCore.a(wiring.o)

.debug_abbrev   0x00000000      0x2a3
 *(.debug_abbrev)
 .debug_abbrev  0x00000000       0x74 Main.o
 .debug_abbrev  0x00000074       0xea C:\Users\jadams\DOCUME~1\Arduino\projects\ENVIRO~1\src\ENVIRO~1\ARDUIN~1\Debug\libArduinoCore.a(main.o)
 .debug_abbrev  0x0000015e      0x145 C:\Users\jadams\DOCUME~1\Arduino\projects\ENVIRO~1\src\ENVIRO~1\ARDUIN~1\Debug\libArduinoCore.a(wiring.o)

.debug_line     0x00000000      0x50e
 *(.debug_line .debug_line.* .debug_line_end)
 .debug_line    0x00000000       0xe8 Main.o
 .debug_line    0x000000e8      0x165 C:\Users\jadams\DOCUME~1\Arduino\projects\ENVIRO~1\src\ENVIRO~1\ARDUIN~1\Debug\libArduinoCore.a(main.o)
 .debug_line    0x0000024d      0x2c1 C:\Users\jadams\DOCUME~1\Arduino\projects\ENVIRO~1\src\ENVIRO~1\ARDUIN~1\Debug\libArduinoCore.a(wiring.o)

.debug_frame    0x00000000      0x144
 *(.debug_frame)
 .debug_frame   0x00000000       0x34 Main.o
 .debug_frame   0x00000034       0x54 C:\Users\jadams\DOCUME~1\Arduino\projects\ENVIRO~1\src\ENVIRO~1\ARDUIN~1\Debug\libArduinoCore.a(main.o)
 .debug_frame   0x00000088       0xbc C:\Users\jadams\DOCUME~1\Arduino\projects\ENVIRO~1\src\ENVIRO~1\ARDUIN~1\Debug\libArduinoCore.a(wiring.o)

.debug_str      0x00000000      0x40b
 *(.debug_str)
 .debug_str     0x00000000      0x1de Main.o
                                0x217 (size before relaxing)
 .debug_str     0x000001de       0xd0 C:\Users\jadams\DOCUME~1\Arduino\projects\ENVIRO~1\src\ENVIRO~1\ARDUIN~1\Debug\libArduinoCore.a(main.o)
                                0x27a (size before relaxing)
 .debug_str     0x000002ae      0x15d C:\Users\jadams\DOCUME~1\Arduino\projects\ENVIRO~1\src\ENVIRO~1\ARDUIN~1\Debug\libArduinoCore.a(wiring.o)
                                0x24c (size before relaxing)

.debug_loc      0x00000000      0x249
 *(.debug_loc)
 .debug_loc     0x00000000      0x249 C:\Users\jadams\DOCUME~1\Arduino\projects\ENVIRO~1\src\ENVIRO~1\ARDUIN~1\Debug\libArduinoCore.a(wiring.o)

.debug_macinfo
 *(.debug_macinfo)

.debug_weaknames
 *(.debug_weaknames)

.debug_funcnames
 *(.debug_funcnames)

.debug_typenames
 *(.debug_typenames)

.debug_varnames
 *(.debug_varnames)

.debug_pubtypes
 *(.debug_pubtypes)

.debug_ranges   0x00000000       0x78
 *(.debug_ranges)
 .debug_ranges  0x00000000       0x18 Main.o
 .debug_ranges  0x00000018       0x28 C:\Users\jadams\DOCUME~1\Arduino\projects\ENVIRO~1\src\ENVIRO~1\ARDUIN~1\Debug\libArduinoCore.a(main.o)
 .debug_ranges  0x00000040       0x38 C:\Users\jadams\DOCUME~1\Arduino\projects\ENVIRO~1\src\ENVIRO~1\ARDUIN~1\Debug\libArduinoCore.a(wiring.o)

.debug_macro
 *(.debug_macro)
OUTPUT(EnvironmentSensor.elf elf32-avr)
LOAD linker stubs
